C:\Users\tariqmuh\Documents\GitHub\Vmod_in_HDMI_100MHz\implementation\system.ngc 1394056735
C:/Users/tariqmuh/Documents/GitHub/Vmod_in_HDMI_100MHz/implementation/system_vmodcam_0_wrapper.ngc 1394056533
C:/Users/tariqmuh/Documents/GitHub/Vmod_in_HDMI_100MHz/implementation/system_rs232_uart_1_wrapper.ngc 1394056533
C:/Users/tariqmuh/Documents/GitHub/Vmod_in_HDMI_100MHz/implementation/system_proc_sys_reset_0_wrapper.ngc 1394056533
C:/Users/tariqmuh/Documents/GitHub/Vmod_in_HDMI_100MHz/implementation/system_clock_generator_0_wrapper.ngc 1394056658
C:/Users/tariqmuh/Documents/GitHub/Vmod_in_HDMI_100MHz/implementation/system_pll_module_0_wrapper.ngc 1394056533
C:/Users/tariqmuh/Documents/GitHub/Vmod_in_HDMI_100MHz/implementation/system_microblaze_0_ilmb_wrapper.ngc 1394056533
C:/Users/tariqmuh/Documents/GitHub/Vmod_in_HDMI_100MHz/implementation/system_microblaze_0_dlmb_wrapper.ngc 1394056533
C:/Users/tariqmuh/Documents/GitHub/Vmod_in_HDMI_100MHz/implementation/system_mcb_ddr2_wrapper.ngc 1394056533
C:/Users/tariqmuh/Documents/GitHub/Vmod_in_HDMI_100MHz/implementation/system_axi4lite_0_wrapper.ngc 1394056533
C:/Users/tariqmuh/Documents/GitHub/Vmod_in_HDMI_100MHz/implementation/system_axi4_0_wrapper.ngc 1394056533
C:/Users/tariqmuh/Documents/GitHub/Vmod_in_HDMI_100MHz/implementation/system_microblaze_0_wrapper.ngc 1394056533
C:/Users/tariqmuh/Documents/GitHub/Vmod_in_HDMI_100MHz/implementation/system_hdmi_out_0_wrapper.ngc 1394056647
C:/Users/tariqmuh/Documents/GitHub/Vmod_in_HDMI_100MHz/implementation/system_microblaze_0_i_bram_ctrl_wrapper.ngc 1394056533
C:/Users/tariqmuh/Documents/GitHub/Vmod_in_HDMI_100MHz/implementation/system_microblaze_0_d_bram_ctrl_wrapper.ngc 1394056533
C:/Users/tariqmuh/Documents/GitHub/Vmod_in_HDMI_100MHz/implementation/system_debug_module_wrapper.ngc 1394056533
C:/Users/tariqmuh/Documents/GitHub/Vmod_in_HDMI_100MHz/implementation/system_microblaze_0_bram_block_wrapper.ngc 1394056533
OK
